<html>
<body>
<pre>
<h1>礦ision Build Log</h1>
<h2>Tool Versions:</h2>
IDE-Version: μVision V5.15
Copyright (C) 2015 ARM Ltd and ARM Germany GmbH. All rights reserved.
License Information: yang yang, aaa, LIC=HF801-C6FXT-YCEJ1-CAP5A-MB3KD-LZEKH
 
Tool Versions:
Toolchain:       MDK-ARM Professional  Version: 5.15.0
Toolchain Path:  D:\Keil_v5\ARM\ARMCC\Bin
C Compiler:      Armcc.exe V5.05 update 2 (build 169)
Assembler:       Armasm.exe V5.05 update 2 (build 169)
Linker/Locator:  ArmLink.exe V5.05 update 2 (build 169)
Library Manager: ArmAr.exe V5.05 update 2 (build 169)
Hex Converter:   FromElf.exe V5.05 update 2 (build 169)
CPU DLL:         SARMCM3.DLL V5.15.0
Dialog DLL:      DCM.DLL V1.13.2.0
Target DLL:      STLink\ST-LINKIII-KEIL_SWO.dll V2.0.6.0_KEIL
Dialog DLL:      TCM.DLL V1.14.5.0
 
<h2>Project:</h2>
C:\Users\yang\Desktop\毕业设计\xiaobaiSTM32\USER\xiaobaiSTM32.uvprojx
Project File Date:  03/11/2023

<h2>Output:</h2>
*** Using Compiler 'V5.05 update 2 (build 169)', folder: 'D:\Keil_v5\ARM\ARMCC\Bin'
Rebuild target 'xiaobaiSTM32'
compiling main.c...
main.c(55): warning:  #223-D: function "OLED_Refresh_Line" declared implicitly
                OLED_Refresh_Line("OLED");
main.c(42): warning:  #177-D: variable "lineNow" was declared but never referenced
        static u8 lineNow;
main.c: 2 warnings, 0 errors
compiling stm32f10x_it.c...
compiling system_stm32f10x.c...
compiling led.c...
compiling beep.c...
compiling bh1750.c...
compiling dht11.c...
compiling oled.c...
..\HARDWARE\OLED\oled.c(518): warning:  #223-D: function "strcpy" declared implicitly
                                        strcpy(Display_line_0, ctx);
..\HARDWARE\OLED\oled.c(546): warning:  #223-D: function "strcpy" declared implicitly
                strcpy(Display_line_0, Display_line_1);
..\HARDWARE\OLED\oled.c: 2 warnings, 0 errors
compiling key.c...
compiling delay.c...
compiling sys.c...
compiling usart.c...
compiling timer.c...
compiling exti.c...
compiling core_cm3.c...
assembling startup_stm32f10x_md.s...
compiling stm32f10x_gpio.c...
compiling stm32f10x_rcc.c...
compiling stm32f10x_usart.c...
compiling misc.c...
compiling stm32f10x_tim.c...
compiling stm32f10x_exti.c...
compiling esp8266.c...
compiling MqttKit.c...
compiling onenet.c...
compiling cJSON.c...
..\NET\cJSON\cJSON.c(55): warning:  #1293-D: assignment in condition
        if (!(copy = (char*)cJSON_malloc(len))) return 0;
..\NET\cJSON\cJSON.c(278): warning:  #1293-D: assignment in condition
        ptr=str;while ((token=*ptr) && ++len) {if (strchr("\"\\\b\f\n\r\t",token)) len++; else if (token<32) len+=5;ptr++;}
..\NET\cJSON\cJSON.c(352): warning:  #111-D: statement is unreachable
        return p.buffer;
..\NET\cJSON\cJSON.c(423): warning:  #1293-D: assignment in condition
                if (!(new_item=cJSON_New_Item())) return 0;     /* memory fail */
..\NET\cJSON\cJSON.c(535): warning:  #1293-D: assignment in condition
                if (!(new_item=cJSON_New_Item()))       return 0; /* memory fail */
..\NET\cJSON\cJSON.c: 5 warnings, 0 errors
linking...
Program Size: Code=43360 RO-data=9412 RW-data=88 ZI-data=4376  
FromELF: creating hex file...
"..\OBJ\xiaobaiSTM32.axf" - 0 Error(s), 9 Warning(s).

<h2>Collection of Component include folders:</h2>
  C:\Users\yang\Desktop\毕业设计\xiaobaiSTM32\USER\RTE
  D:\Keil_v5\ARM\PACK\Keil\STM32F1xx_DFP\1.1.0\Device\Include

<h2>Collection of Component Files used:</h2>
</pre>
</body>
</html>
